// Jest Snapshot v1, https://goo.gl/fbAQLP

exports[`should render DashboardPage correctly 1`] = `
<div>
  Hola mundo desde la ra√≠z de las rutas
  <Connect(ExpenseListFilters) />
  <Connect(ExpenseList) />
</div>
`;
