// Jest Snapshot v1, https://goo.gl/fbAQLP

exports[`should render Header correctly 1`] = `
<header>
  <h1>
    Expensify
  </h1>
  <nav>
    <ul>
      <li>
        <NavLink
          activeClassName="selected"
          exact={true}
          to="/"
        >
          Dashboard
        </NavLink>
      </li>
      <li>
        <NavLink
          activeClassName="selected"
          to="/create"
        >
          Create Expense
        </NavLink>
      </li>
      <li>
        <NavLink
          activeClassName="selected"
          to="/help"
        >
          Help
        </NavLink>
      </li>
    </ul>
  </nav>
</header>
`;
